  ● buttons                                                     btn—03 · board
────────────────────────────────────────────────────────────────────────────────

  ┌────────────────┐  ┏━━━━━━━━━━━━━━┓  ┌──────────────┐
  │   deploy       │  ┃  weather     ┃  │  notify      │
  │                │  ┃              ┃  │              │
  │  SHELL · 300s  │  ┃  HTTP · 60s  ┃  │  HTTP · 60s  │
  └────────────────┘  ┗━━━━━━━━━━━━━━┛  └──────────────┘

────────────────────────────────────────────────────────────────────────────────

     press                     ↑↓  nav  ·   ↵  press  ·   L  logs  ·   v  list

  TTY 1 · UTF-8 · 256-COLOR                                                   