  buttons                                                       btn—01 · board
────────────────────────────────────────────────────────────────────────────────

  □ › deploy shell · 300s

────────────────────────────────────────────────────────────────────────────────

  logs  ·  deploy
  
  no runs for deploy yet — press it to record one.

────────────────────────────────────────────────────────────────────────────────

  ┌─────────┐                                                                 
  │  press  │                               ↑↓  nav  ·   ↵  press  ·   L  hide
  └─────────┘                                                                 