  buttons                                                       btn—03 · board
────────────────────────────────────────────────────────────────────────────────

  ┏━━━━━━━━━━━━━━━━┓
  ┃                ┃
  ┃   deploy       ┃
  ┃                ┃
  ┗━━━━━━━━━━━━━━━━┛

────────────────────────────────────────────────────────────────────────────────

  □   deploy   shell · 300s
  □   weather  http · 60s · GET wttr.in/NYC
  □   notify   http · 60s · POST hooks.example.com/webhook

────────────────────────────────────────────────────────────────────────────────

  ┌─────────┐                                                                 
  │  press  │                               ↑↓  nav  ·   ↵  press  ·   L  logs
  └─────────┘                                                                 