  ● buttons                                                     btn—02 · board
────────────────────────────────────────────────────────────────────────────────

                ↵ TAIL   ┌──────────────┐
  ┏━━━━━━━━━━━━━━━━━━━┓  │  weather     │
  ┃    deploy         ┃  │              │
  ┃                   ┃  │  HTTP · 60s  │
  ┃  ● ACTIVE · 3.2s  ┃  └──────────────┘
  ┗━━━━━━━━━━━━━━━━━━━┛                  

────────────────────────────────────────────────────────────────────────────────

     press                     ↑↓  nav  ·   ↵  press  ·   L  logs  ·   v  list

  ● deploy running… stdout streaming to ~/.buttons/buttons/deploy/pressed/

  TTY 1 · UTF-8 · 256-COLOR                                  ● ACTIVE · deploy