  ● buttons                                                     btn—01 · board
────────────────────────────────────────────────────────────────────────────────

  ┏━━━━━━━━━━━━━━━━┓
  ┃   deploy       ┃
  ┃  SHELL · 300s  ┃
  ┗━━━━━━━━━━━━━━━━┛

────────────────────────────────────────────────────────────────────────────────

  logs  ·  deploy
  
  no runs for deploy yet — press it to record one.

────────────────────────────────────────────────────────────────────────────────

  ┏━━━━━━━━━━━━━┓                                                             
  ┃   ● press   ┃         ↑↓  run  ·   ↵  details  ·   L  hide  ·   esc  close
  ┗━━━━━━━━━━━━━┛                                                             

  TTY 1 · UTF-8 · 256-COLOR                           LOGS OPEN · SCOPE deploy