  deploy — shell  ·  press 0c5b                                                      exit 0 · 0.4s
────────────────────────────────────────────────────────────────────────────────────────────────────

  20:58:18.902  out   ▸ ok

────────────────────────────────────────────────────────────────────────────────────────────────────

  ┌────────┐                                                                                      
  │  back  │                                            f  ∞ tail  ·   g/G  top/end  ·   esc  back
  └────────┘                                                                                      

  TTY 1 · UTF-8 · 256-COLOR                                                          EXIT 0 · 0.4s